---
created: "2019-02-20T15:42:12.012631Z"
creator: insta@0.6.3
source: minidump/tests/test_processor.rs
expression: "&state.referenced_modules()"
---
{
    CodeModule {
        id: Some(
            CodeModuleId {
                inner: DebugId {
                    uuid: "451a38b5-0679-79d2-0738-22a5ceb24c4b",
                    appendix: 0
                }
            }
        ),
        base_address: 139986944249856,
        size: 1835008,
        code_file: "/lib/x86_64-linux-gnu/libc-2.23.so",
        code_identifier: "b5381a457906d279073822a5ceb24c4bfef94ddb",
        debug_file: "/lib/x86_64-linux-gnu/libc-2.23.so",
        debug_identifier: "451A38B5067979D2073822A5CEB24C4B0"
    },
    CodeModule {
        id: Some(
            CodeModuleId {
                inner: DebugId {
                    uuid: "59627b5d-2255-a375-c17b-d4c3fd05f5a6",
                    appendix: 0
                }
            }
        ),
        base_address: 139986956304384,
        size: 155648,
        code_file: "/lib/x86_64-linux-gnu/ld-2.23.so",
        code_identifier: "5d7b6259552275a3c17bd4c3fd05f5a6bf40caa5",
        debug_file: "/lib/x86_64-linux-gnu/ld-2.23.so",
        debug_identifier: "59627B5D2255A375C17BD4C3FD05F5A60"
    },
    CodeModule {
        id: Some(
            CodeModuleId {
                inner: DebugId {
                    uuid: "c0bcc3f1-9827-fe65-3058-404b2831d9e6",
                    appendix: 0
                }
            }
        ),
        base_address: 4194304,
        size: 106496,
        code_file: "/work/linux/build/crash",
        code_identifier: "f1c3bcc0279865fe3058404b2831d9e64135386c",
        debug_file: "/work/linux/build/crash",
        debug_identifier: "C0BCC3F19827FE653058404B2831D9E60"
    }
}
