---
created: "2019-03-20T08:50:27.477426Z"
creator: insta@0.7.1
source: minidump/tests/test_processor.rs
expression: "&state.referenced_modules()"
---
{
    CodeModule {
        id: Some(
            CodeModuleId {
                inner: DebugId {
                    uuid: "67e9247c-814e-392b-a027-dbde6748fcbf",
                    appendix: 0
                }
            }
        ),
        base_address: 4458131456,
        size: 69632,
        code_file: "/Users/travis/build/getsentry/breakpad-tools/macos/build/./crash",
        code_identifier: "",
        debug_file: "crash",
        debug_identifier: "67E9247C814E392BA027DBDE6748FCBF0"
    },
    CodeModule {
        id: Some(
            CodeModuleId {
                inner: DebugId {
                    uuid: "9b2ac56d-107c-3541-a127-9094a751f2c9",
                    appendix: 0
                }
            }
        ),
        base_address: 140737084547072,
        size: 24576,
        code_file: "/usr/lib/system/libdyld.dylib",
        code_identifier: "",
        debug_file: "libdyld.dylib",
        debug_identifier: "9B2AC56D107C3541A1279094A751F2C90"
    }
}
