---
created: "2019-02-20T15:42:12.012672Z"
creator: insta@0.6.3
source: minidump/tests/test_processor.rs
expression: "&state.referenced_modules()"
---
{
    CodeModule {
        id: Some(
            CodeModuleId {
                inner: DebugId {
                    uuid: "3249d99d-0c40-4931-8610-f4e4fb0b6936",
                    appendix: 1
                }
            }
        ),
        base_address: 2752512,
        size: 36864,
        code_file: "C:\\projects\\breakpad-tools\\windows\\Release\\crash.exe",
        code_identifier: "5AB380779000",
        debug_file: "C:\\projects\\breakpad-tools\\windows\\Release\\crash.pdb",
        debug_identifier: "3249D99D0C4049318610F4E4FB0B69361"
    },
    CodeModule {
        id: Some(
            CodeModuleId {
                inner: DebugId {
                    uuid: "971f98e5-ce60-41ff-b2d7-235bbeb34578",
                    appendix: 1
                }
            }
        ),
        base_address: 1997996032,
        size: 1585152,
        code_file: "C:\\Windows\\System32\\ntdll.dll",
        code_identifier: "59B0D8F3183000",
        debug_file: "wntdll.pdb",
        debug_identifier: "971F98E5CE6041FFB2D7235BBEB345781"
    },
    CodeModule {
        id: Some(
            CodeModuleId {
                inner: DebugId {
                    uuid: "ae131c67-27a7-4fa1-9916-b5a4aef41190",
                    appendix: 1
                }
            }
        ),
        base_address: 1971388416,
        size: 790528,
        code_file: "C:\\Windows\\System32\\rpcrt4.dll",
        code_identifier: "5A49BB75c1000",
        debug_file: "wrpcrt4.pdb",
        debug_identifier: "AE131C6727A74FA19916B5A4AEF411901"
    },
    CodeModule {
        id: Some(
            CodeModuleId {
                inner: DebugId {
                    uuid: "aec7ef2f-df4b-4642-a471-4c3e5fe8760a",
                    appendix: 1
                }
            }
        ),
        base_address: 1891041280,
        size: 151552,
        code_file: "C:\\Windows\\System32\\dbgcore.dll",
        code_identifier: "57898DAB25000",
        debug_file: "dbgcore.pdb",
        debug_identifier: "AEC7EF2FDF4B4642A4714C3E5FE8760A1"
    },
    CodeModule {
        id: Some(
            CodeModuleId {
                inner: DebugId {
                    uuid: "d3474559-96f7-47d6-bf43-c176b2171e68",
                    appendix: 1
                }
            }
        ),
        base_address: 1963261952,
        size: 917504,
        code_file: "C:\\Windows\\System32\\kernel32.dll",
        code_identifier: "590285E9e0000",
        debug_file: "wkernel32.pdb",
        debug_identifier: "D347455996F747D6BF43C176B2171E681"
    }
}
