---
source: symbolic-debuginfo/tests/test_objects.rs
expression: SymbolsDebug(&symbols)
---
            1000 ?RequestDump@CrashGenerationClient@google_breakpad@@QAE_NPAU_EXCEPTION_POINTERS@@PAUMDRawAssertionInfo@@@Z
            1120 ??1?$basic_string@_WU?$char_traits@_W@std@@V?$allocator@_W@2@@std@@QAE@XZ
            1180 ?assign@?$basic_string@_WU?$char_traits@_W@std@@V?$allocator@_W@2@@std@@QAEAAV12@QB_WI@Z
            12d0 ?_Xlen@?$basic_string@_WU?$char_traits@_W@std@@V?$allocator@_W@2@@std@@SAXXZ
            12e0 ??4?$basic_string@_WU?$char_traits@_W@std@@V?$allocator@_W@2@@std@@QAEAAV01@$$QAV01@@Z
            1360 ___local_stdio_printf_options
            1370 _swprintf_s
            13b0 __snwprintf_s
            13f0 _fprintf
            1420 ?Initialize@ExceptionHandler@google_breakpad@@AAEXABV?$basic_string@_WU?$char_traits@_W@std@@V?$allocator@_W@2@@std@@P6A_NPAXPAU_EXCEPTION_POINTERS@@PAUMDRawAssertionInfo@@@ZP6A_NPB_W5123_N@Z1HW4_MINIDUMP_TYPE@@51PAVCrashGenerationClient@2@PBUCustomClientInfo@2@@Z
            1770 ??1ExceptionHandler@google_breakpad@@QAE@XZ
            1a80 ?ExceptionHandlerThreadMain@ExceptionHandler@google_breakpad@@CGKPAX@Z
            1b90 ??0AutoExceptionHandler@google_breakpad@@QAE@XZ
            1c00 ??1AutoExceptionHandler@google_breakpad@@QAE@XZ
            1c40 ?HandleException@ExceptionHandler@google_breakpad@@CGJPAU_EXCEPTION_POINTERS@@@Z
            1d60 ?HandleInvalidParameter@ExceptionHandler@google_breakpad@@CAXPB_W00II@Z
            1ef0 ?HandlePureVirtualCall@ExceptionHandler@google_breakpad@@CAXXZ
            2020 ?WriteMinidumpOnHandlerThread@ExceptionHandler@google_breakpad@@AAE_NPAU_EXCEPTION_POINTERS@@PAUMDRawAssertionInfo@@@Z
            2100 ?WriteMinidumpWithException@ExceptionHandler@google_breakpad@@AAE_NKPAU_EXCEPTION_POINTERS@@PAUMDRawAssertionInfo@@@Z
            2180 ?MinidumpWriteDumpCallback@ExceptionHandler@google_breakpad@@CGHPAXQAU_MINIDUMP_CALLBACK_INPUT@@PAU_MINIDUMP_CALLBACK_OUTPUT@@@Z
            2210 ?WriteMinidumpWithExceptionForProcess@ExceptionHandler@google_breakpad@@AAE_NKPAU_EXCEPTION_POINTERS@@PAUMDRawAssertionInfo@@PAX_N@Z
            2440 ?UpdateNextID@ExceptionHandler@google_breakpad@@AAEXXZ
            2560 ??$emplace_back@PAVExceptionHandler@google_breakpad@@@?$vector@PAVExceptionHandler@google_breakpad@@V?$allocator@PAVExceptionHandler@google_breakpad@@@std@@@std@@QAEX$$QAPAVExceptionHandler@google_breakpad@@@Z
            2690 ??1?$scoped_ptr@VCrashGenerationClient@google_breakpad@@@google_breakpad@@QAE@XZ
            26a0 ??1?$list@UAppMemory@google_breakpad@@V?$allocator@UAppMemory@google_breakpad@@@std@@@std@@QAE@XZ
            26f0 ??_GCrashGenerationClient@google_breakpad@@QAEPAXI@Z
            2780 ?_Xrange@?$vector@PAVExceptionHandler@google_breakpad@@V?$allocator@PAVExceptionHandler@google_breakpad@@@std@@@std@@CAXXZ
            2790 ?_Xlength@?$vector@PAVExceptionHandler@google_breakpad@@V?$allocator@PAVExceptionHandler@google_breakpad@@@std@@@std@@CAXXZ
            27a0 ?_Buynode0@?$_List_alloc@U?$_List_base_types@UAppMemory@google_breakpad@@V?$allocator@UAppMemory@google_breakpad@@@std@@@std@@@std@@QAEPAU?$_List_node@UAppMemory@google_breakpad@@PAX@2@PAU32@0@Z
            27d0 ??$_Buynode@ABUAppMemory@google_breakpad@@@?$_List_buy@UAppMemory@google_breakpad@@V?$allocator@UAppMemory@google_breakpad@@@std@@@std@@QAEPAU?$_List_node@UAppMemory@google_breakpad@@PAX@1@PAU21@0ABUAppMemory@google_breakpad@@@Z
            27f0 ?GUIDToWString@GUIDString@google_breakpad@@SA?AV?$basic_string@_WU?$char_traits@_W@std@@V?$allocator@_W@2@@std@@PAU_GUID@@@Z
            28a0 _printf
            2910 _main
            2a6e @__security_check_cookie@4
            2a7f ??2@YAPAXI@Z
            2aaf ??3@YAXPAXI@Z
            2abd ___raise_securityfailure
            2ae5 ___report_gsfailure
            2e15 _mainCRTStartup
            2e1f ??3@YAXPAX@Z
            2e24 ??0bad_alloc@std@@QAE@ABV01@@Z
            2e3f ??0bad_alloc@std@@QAE@XZ
            2e57 ??0bad_array_new_length@std@@QAE@ABV01@@Z
            2e72 ??0bad_array_new_length@std@@QAE@XZ
            2e8a ??0exception@std@@QAE@ABV01@@Z
            2eb6 ??1bad_alloc@std@@UAE@XZ
            2ec7 ??_Eexception@std@@UAEPAXI@Z
            2ef4 ?__scrt_throw_std_bad_alloc@@YAXXZ
            2f11 ?__scrt_throw_std_bad_array_new_length@@YAXXZ
            2f2e ?what@exception@std@@UBEPBDXZ
            2f7f ___scrt_acquire_startup_lock
            2fb4 ___scrt_initialize_crt
            2fed ___scrt_initialize_onexit_tables
            3097 ___scrt_is_nonwritable_in_current_image
            3121 ___scrt_release_startup_lock
            313e ___scrt_uninitialize_crt
            3166 __onexit
            31a1 _atexit
            3205 ___security_init_cookie
            3250 __matherr
            3253 __get_startup_argv_mode
            3257 __get_startup_file_mode
            325d ?__scrt_initialize_type_info@@YAXXZ
            3269 ___vcrt_uninitialize
            326c __initialize_default_precision
            328d @_guard_check_icall_nop@4
            328e ___local_stdio_scanf_options
            3294 ___scrt_initialize_default_local_stdio_options
            32b1 ___scrt_is_user_matherr_present
            32bd ___scrt_get_dyn_tls_init_callback
            32c3 ___scrt_get_dyn_tls_dtor_callback
            32c9 ___scrt_fastfail
            33e5 ___scrt_is_managed_app
            3429 ___scrt_set_unhandled_exception_filter
            3435 ___scrt_unhandled_exception_filter@4
            3476 __crt_debugger_hook
            347e __RTC_Initialize
            34a9 __RTC_Terminate
            34d4 @_guard_check_icall@4
            34e0 __SEH_prolog4
            3526 __SEH_epilog4
            353b __except_handler4
            355e ??_Gtype_info@@UAEPAXI@Z
            3581 ___isa_available_init
            371a ___scrt_is_ucrt_dll_in_use
            3726 ___CxxFrameHandler3
            372c ___std_exception_copy
            3732 ___std_exception_destroy
            3738 __CxxThrowException@8
            373e _memset
            3744 __except_handler4_common
            374a _exit
            3750 __callnewh
            3756 _malloc
            375c __seh_filter_exe
            3762 __set_app_type
            3768 ___setusermatherr
            376e __configure_narrow_argv
            3774 __initialize_narrow_environment
            377a __get_initial_narrow_environment
            3780 __initterm
            3786 __initterm_e
            378c __exit
            3792 __set_fmode
            3798 ___p___argc
            379e ___p___argv
            37a4 __cexit
            37aa __c_exit
            37b0 __register_thread_local_exe_atexit_callback
            37b6 __configthreadlocale
            37bc __set_new_mode
            37c2 ___p__commode
            37c8 _free
            37ce __initialize_onexit_table
            37d4 __register_onexit_function
            37da __crt_atexit
            37e0 __controlfp_s
            37e6 _terminate
            37ec _IsProcessorFeaturePresent@4
            37f2 _memcpy

