---
source: symbolic-debuginfo/tests/test_objects.rs
expression: SymbolsDebug(&symbols)
---
              8c internal_func

