---
source: symbolic-debuginfo/tests/test_objects.rs
expression: "FunctionsDebug(&functions[..10], 0)"
---
> 0x14f0: atexit (0x14)
  0x14f0: crtexe.c:418 (/mxe/tmp-gcc-x86_64-w64-mingw32.static/gcc-11.3.0.build_/mingw-w64-v10.0.0/mingw-w64-crt/crt)
  0x14f4: crtexe.c:419 (/mxe/tmp-gcc-x86_64-w64-mingw32.static/gcc-11.3.0.build_/mingw-w64-v10.0.0/mingw-w64-crt/crt)
  0x14f9: crtexe.c:419 (/mxe/tmp-gcc-x86_64-w64-mingw32.static/gcc-11.3.0.build_/mingw-w64-v10.0.0/mingw-w64-crt/crt)
  0x14ff: crtexe.c:420 (/mxe/tmp-gcc-x86_64-w64-mingw32.static/gcc-11.3.0.build_/mingw-w64-v10.0.0/mingw-w64-crt/crt)

> 0x1180: __tmainCRTStartup (0x326)
  0x1180: crtexe.c:223 (/mxe/tmp-gcc-x86_64-w64-mingw32.static/gcc-11.3.0.build_/mingw-w64-v10.0.0/mingw-w64-crt/crt)
  0x118f: crtexe.c:227 (/mxe/tmp-gcc-x86_64-w64-mingw32.static/gcc-11.3.0.build_/mingw-w64-v10.0.0/mingw-w64-crt/crt)
  0x11a1: crtexe.c:229 (/mxe/tmp-gcc-x86_64-w64-mingw32.static/gcc-11.3.0.build_/mingw-w64-v10.0.0/mingw-w64-crt/crt)
  0x11a8: crtexe.c:229 (/mxe/tmp-gcc-x86_64-w64-mingw32.static/gcc-11.3.0.build_/mingw-w64-v10.0.0/mingw-w64-crt/crt)
  0x11b4: crtexe.c:233 (/mxe/tmp-gcc-x86_64-w64-mingw32.static/gcc-11.3.0.build_/mingw-w64-v10.0.0/mingw-w64-crt/crt)
  0x11c4: crtexe.c:233 (/mxe/tmp-gcc-x86_64-w64-mingw32.static/gcc-11.3.0.build_/mingw-w64-v10.0.0/mingw-w64-crt/crt)
  0x11c8: crtexe.c:235 (/mxe/tmp-gcc-x86_64-w64-mingw32.static/gcc-11.3.0.build_/mingw-w64-v10.0.0/mingw-w64-crt/crt)
  0x11ca: crtexe.c:243 (/mxe/tmp-gcc-x86_64-w64-mingw32.static/gcc-11.3.0.build_/mingw-w64-v10.0.0/mingw-w64-crt/crt)
  0x11d1: crtexe.c:235 (/mxe/tmp-gcc-x86_64-w64-mingw32.static/gcc-11.3.0.build_/mingw-w64-v10.0.0/mingw-w64-crt/crt)
  0x11d8: crtexe.c:238 (/mxe/tmp-gcc-x86_64-w64-mingw32.static/gcc-11.3.0.build_/mingw-w64-v10.0.0/mingw-w64-crt/crt)
  0x11e1: crtexe.c:243 (/mxe/tmp-gcc-x86_64-w64-mingw32.static/gcc-11.3.0.build_/mingw-w64-v10.0.0/mingw-w64-crt/crt)
  0x11e9: crtexe.c:235 (/mxe/tmp-gcc-x86_64-w64-mingw32.static/gcc-11.3.0.build_/mingw-w64-v10.0.0/mingw-w64-crt/crt)
  0x11f1: crtexe.c:236 (/mxe/tmp-gcc-x86_64-w64-mingw32.static/gcc-11.3.0.build_/mingw-w64-v10.0.0/mingw-w64-crt/crt)
  0x11f6: crtexe.c:245 (/mxe/tmp-gcc-x86_64-w64-mingw32.static/gcc-11.3.0.build_/mingw-w64-v10.0.0/mingw-w64-crt/crt)
  0x11fd: crtexe.c:234 (/mxe/tmp-gcc-x86_64-w64-mingw32.static/gcc-11.3.0.build_/mingw-w64-v10.0.0/mingw-w64-crt/crt)
  0x11ff: crtexe.c:245 (/mxe/tmp-gcc-x86_64-w64-mingw32.static/gcc-11.3.0.build_/mingw-w64-v10.0.0/mingw-w64-crt/crt)
  0x1201: crtexe.c:245 (/mxe/tmp-gcc-x86_64-w64-mingw32.static/gcc-11.3.0.build_/mingw-w64-v10.0.0/mingw-w64-crt/crt)
  0x120a: crtexe.c:249 (/mxe/tmp-gcc-x86_64-w64-mingw32.static/gcc-11.3.0.build_/mingw-w64-v10.0.0/mingw-w64-crt/crt)
  0x120c: crtexe.c:249 (/mxe/tmp-gcc-x86_64-w64-mingw32.static/gcc-11.3.0.build_/mingw-w64-v10.0.0/mingw-w64-crt/crt)
  0x1214: crtexe.c:255 (/mxe/tmp-gcc-x86_64-w64-mingw32.static/gcc-11.3.0.build_/mingw-w64-v10.0.0/mingw-w64-crt/crt)
  0x121e: crtexe.c:257 (/mxe/tmp-gcc-x86_64-w64-mingw32.static/gcc-11.3.0.build_/mingw-w64-v10.0.0/mingw-w64-crt/crt)
  0x1220: crtexe.c:257 (/mxe/tmp-gcc-x86_64-w64-mingw32.static/gcc-11.3.0.build_/mingw-w64-v10.0.0/mingw-w64-crt/crt)
  0x1229: crtexe.c:263 (/mxe/tmp-gcc-x86_64-w64-mingw32.static/gcc-11.3.0.build_/mingw-w64-v10.0.0/mingw-w64-crt/crt)
  0x1231: crtexe.c:266 (/mxe/tmp-gcc-x86_64-w64-mingw32.static/gcc-11.3.0.build_/mingw-w64-v10.0.0/mingw-w64-crt/crt)
  0x123b: crtexe.c:266 (/mxe/tmp-gcc-x86_64-w64-mingw32.static/gcc-11.3.0.build_/mingw-w64-v10.0.0/mingw-w64-crt/crt)
  0x1240: crtexe.c:267 (/mxe/tmp-gcc-x86_64-w64-mingw32.static/gcc-11.3.0.build_/mingw-w64-v10.0.0/mingw-w64-crt/crt)
  0x124c: crtexe.c:269 (/mxe/tmp-gcc-x86_64-w64-mingw32.static/gcc-11.3.0.build_/mingw-w64-v10.0.0/mingw-w64-crt/crt)
  0x1251: crtexe.c:270 (/mxe/tmp-gcc-x86_64-w64-mingw32.static/gcc-11.3.0.build_/mingw-w64-v10.0.0/mingw-w64-crt/crt)
  0x125e: crtexe.c:270 (/mxe/tmp-gcc-x86_64-w64-mingw32.static/gcc-11.3.0.build_/mingw-w64-v10.0.0/mingw-w64-crt/crt)
  0x1265: crtexe.c:274 (/mxe/tmp-gcc-x86_64-w64-mingw32.static/gcc-11.3.0.build_/mingw-w64-v10.0.0/mingw-w64-crt/crt)
  0x126c: crtexe.c:270 (/mxe/tmp-gcc-x86_64-w64-mingw32.static/gcc-11.3.0.build_/mingw-w64-v10.0.0/mingw-w64-crt/crt)
  0x126f: crtexe.c:274 (/mxe/tmp-gcc-x86_64-w64-mingw32.static/gcc-11.3.0.build_/mingw-w64-v10.0.0/mingw-w64-crt/crt)
  0x1274: crtexe.c:276 (/mxe/tmp-gcc-x86_64-w64-mingw32.static/gcc-11.3.0.build_/mingw-w64-v10.0.0/mingw-w64-crt/crt)
  0x1279: crtexe.c:278 (/mxe/tmp-gcc-x86_64-w64-mingw32.static/gcc-11.3.0.build_/mingw-w64-v10.0.0/mingw-w64-crt/crt)
  0x1287: crtexe.c:283 (/mxe/tmp-gcc-x86_64-w64-mingw32.static/gcc-11.3.0.build_/mingw-w64-v10.0.0/mingw-w64-crt/crt)
  0x128c: crtexe.c:226 (/mxe/tmp-gcc-x86_64-w64-mingw32.static/gcc-11.3.0.build_/mingw-w64-v10.0.0/mingw-w64-crt/crt)
  0x128e: crtexe.c:283 (/mxe/tmp-gcc-x86_64-w64-mingw32.static/gcc-11.3.0.build_/mingw-w64-v10.0.0/mingw-w64-crt/crt)
  0x1291: crtexe.c:286 (/mxe/tmp-gcc-x86_64-w64-mingw32.static/gcc-11.3.0.build_/mingw-w64-v10.0.0/mingw-w64-crt/crt)
  0x12a0: crtexe.c:288 (/mxe/tmp-gcc-x86_64-w64-mingw32.static/gcc-11.3.0.build_/mingw-w64-v10.0.0/mingw-w64-crt/crt)
  0x12a7: crtexe.c:288 (/mxe/tmp-gcc-x86_64-w64-mingw32.static/gcc-11.3.0.build_/mingw-w64-v10.0.0/mingw-w64-crt/crt)
  0x12ae: crtexe.c:299 (/mxe/tmp-gcc-x86_64-w64-mingw32.static/gcc-11.3.0.build_/mingw-w64-v10.0.0/mingw-w64-crt/crt)
  0x12b2: crtexe.c:288 (/mxe/tmp-gcc-x86_64-w64-mingw32.static/gcc-11.3.0.build_/mingw-w64-v10.0.0/mingw-w64-crt/crt)
  0x12b5: crtexe.c:288 (/mxe/tmp-gcc-x86_64-w64-mingw32.static/gcc-11.3.0.build_/mingw-w64-v10.0.0/mingw-w64-crt/crt)
  0x12ba: crtexe.c:290 (/mxe/tmp-gcc-x86_64-w64-mingw32.static/gcc-11.3.0.build_/mingw-w64-v10.0.0/mingw-w64-crt/crt)
  0x12c8: crtexe.c:290 (/mxe/tmp-gcc-x86_64-w64-mingw32.static/gcc-11.3.0.build_/mingw-w64-v10.0.0/mingw-w64-crt/crt)
  0x12d0: crtexe.c:301 (/mxe/tmp-gcc-x86_64-w64-mingw32.static/gcc-11.3.0.build_/mingw-w64-v10.0.0/mingw-w64-crt/crt)
  0x12d8: crtexe.c:301 (/mxe/tmp-gcc-x86_64-w64-mingw32.static/gcc-11.3.0.build_/mingw-w64-v10.0.0/mingw-w64-crt/crt)
  0x12dc: crtexe.c:302 (/mxe/tmp-gcc-x86_64-w64-mingw32.static/gcc-11.3.0.build_/mingw-w64-v10.0.0/mingw-w64-crt/crt)
  0x12e0: crtexe.c:301 (/mxe/tmp-gcc-x86_64-w64-mingw32.static/gcc-11.3.0.build_/mingw-w64-v10.0.0/mingw-w64-crt/crt)
  0x12e9: crtexe.c:304 (/mxe/tmp-gcc-x86_64-w64-mingw32.static/gcc-11.3.0.build_/mingw-w64-v10.0.0/mingw-w64-crt/crt)
  0x12f0: crtexe.c:307 (/mxe/tmp-gcc-x86_64-w64-mingw32.static/gcc-11.3.0.build_/mingw-w64-v10.0.0/mingw-w64-crt/crt)
  0x12f8: crtexe.c:310 (/mxe/tmp-gcc-x86_64-w64-mingw32.static/gcc-11.3.0.build_/mingw-w64-v10.0.0/mingw-w64-crt/crt)
  0x12fd: crtexe.c:310 (/mxe/tmp-gcc-x86_64-w64-mingw32.static/gcc-11.3.0.build_/mingw-w64-v10.0.0/mingw-w64-crt/crt)
  0x1308: crtexe.c:309 (/mxe/tmp-gcc-x86_64-w64-mingw32.static/gcc-11.3.0.build_/mingw-w64-v10.0.0/mingw-w64-crt/crt)
  0x130e: crtexe.c:312 (/mxe/tmp-gcc-x86_64-w64-mingw32.static/gcc-11.3.0.build_/mingw-w64-v10.0.0/mingw-w64-crt/crt)
  0x1315: crtexe.c:312 (/mxe/tmp-gcc-x86_64-w64-mingw32.static/gcc-11.3.0.build_/mingw-w64-v10.0.0/mingw-w64-crt/crt)
  0x1386: crtexe.c:313 (/mxe/tmp-gcc-x86_64-w64-mingw32.static/gcc-11.3.0.build_/mingw-w64-v10.0.0/mingw-w64-crt/crt)
  0x138b: crtexe.c:320 (/mxe/tmp-gcc-x86_64-w64-mingw32.static/gcc-11.3.0.build_/mingw-w64-v10.0.0/mingw-w64-crt/crt)
  0x1399: crtexe.c:321 (/mxe/tmp-gcc-x86_64-w64-mingw32.static/gcc-11.3.0.build_/mingw-w64-v10.0.0/mingw-w64-crt/crt)
  0x139f: crtexe.c:320 (/mxe/tmp-gcc-x86_64-w64-mingw32.static/gcc-11.3.0.build_/mingw-w64-v10.0.0/mingw-w64-crt/crt)
  0x13a5: crtexe.c:321 (/mxe/tmp-gcc-x86_64-w64-mingw32.static/gcc-11.3.0.build_/mingw-w64-v10.0.0/mingw-w64-crt/crt)
  0x13b1: crtexe.c:323 (/mxe/tmp-gcc-x86_64-w64-mingw32.static/gcc-11.3.0.build_/mingw-w64-v10.0.0/mingw-w64-crt/crt)
  0x13b7: crtexe.c:321 (/mxe/tmp-gcc-x86_64-w64-mingw32.static/gcc-11.3.0.build_/mingw-w64-v10.0.0/mingw-w64-crt/crt)
  0x13bd: crtexe.c:323 (/mxe/tmp-gcc-x86_64-w64-mingw32.static/gcc-11.3.0.build_/mingw-w64-v10.0.0/mingw-w64-crt/crt)
  0x13c5: crtexe.c:326 (/mxe/tmp-gcc-x86_64-w64-mingw32.static/gcc-11.3.0.build_/mingw-w64-v10.0.0/mingw-w64-crt/crt)
  0x13d3: crtexe.c:330 (/mxe/tmp-gcc-x86_64-w64-mingw32.static/gcc-11.3.0.build_/mingw-w64-v10.0.0/mingw-w64-crt/crt)
  0x13e8: crtexe.c:310 (/mxe/tmp-gcc-x86_64-w64-mingw32.static/gcc-11.3.0.build_/mingw-w64-v10.0.0/mingw-w64-crt/crt)
  0x13f8: crtexe.c:245 (/mxe/tmp-gcc-x86_64-w64-mingw32.static/gcc-11.3.0.build_/mingw-w64-v10.0.0/mingw-w64-crt/crt)
  0x13ff: crtexe.c:240 (/mxe/tmp-gcc-x86_64-w64-mingw32.static/gcc-11.3.0.build_/mingw-w64-v10.0.0/mingw-w64-crt/crt)
  0x1404: crtexe.c:245 (/mxe/tmp-gcc-x86_64-w64-mingw32.static/gcc-11.3.0.build_/mingw-w64-v10.0.0/mingw-w64-crt/crt)
  0x1406: crtexe.c:245 (/mxe/tmp-gcc-x86_64-w64-mingw32.static/gcc-11.3.0.build_/mingw-w64-v10.0.0/mingw-w64-crt/crt)
  0x140f: crtexe.c:247 (/mxe/tmp-gcc-x86_64-w64-mingw32.static/gcc-11.3.0.build_/mingw-w64-v10.0.0/mingw-w64-crt/crt)
  0x1419: crtexe.c:257 (/mxe/tmp-gcc-x86_64-w64-mingw32.static/gcc-11.3.0.build_/mingw-w64-v10.0.0/mingw-w64-crt/crt)
  0x141b: crtexe.c:257 (/mxe/tmp-gcc-x86_64-w64-mingw32.static/gcc-11.3.0.build_/mingw-w64-v10.0.0/mingw-w64-crt/crt)
  0x1424: crtexe.c:259 (/mxe/tmp-gcc-x86_64-w64-mingw32.static/gcc-11.3.0.build_/mingw-w64-v10.0.0/mingw-w64-crt/crt)
  0x1437: crtexe.c:260 (/mxe/tmp-gcc-x86_64-w64-mingw32.static/gcc-11.3.0.build_/mingw-w64-v10.0.0/mingw-w64-crt/crt)
  0x143d: crtexe.c:263 (/mxe/tmp-gcc-x86_64-w64-mingw32.static/gcc-11.3.0.build_/mingw-w64-v10.0.0/mingw-w64-crt/crt)
  0x1445: crtexe.c:264 (/mxe/tmp-gcc-x86_64-w64-mingw32.static/gcc-11.3.0.build_/mingw-w64-v10.0.0/mingw-w64-crt/crt)
  0x1450: crtexe.c:230 (/mxe/tmp-gcc-x86_64-w64-mingw32.static/gcc-11.3.0.build_/mingw-w64-v10.0.0/mingw-w64-crt/crt)
  0x1460: crtexe.c:327 (/mxe/tmp-gcc-x86_64-w64-mingw32.static/gcc-11.3.0.build_/mingw-w64-v10.0.0/mingw-w64-crt/crt)
  0x1465: crtexe.c:329 (/mxe/tmp-gcc-x86_64-w64-mingw32.static/gcc-11.3.0.build_/mingw-w64-v10.0.0/mingw-w64-crt/crt)
  0x146b: crtexe.c:330 (/mxe/tmp-gcc-x86_64-w64-mingw32.static/gcc-11.3.0.build_/mingw-w64-v10.0.0/mingw-w64-crt/crt)
  0x1480: crtexe.c:252 (/mxe/tmp-gcc-x86_64-w64-mingw32.static/gcc-11.3.0.build_/mingw-w64-v10.0.0/mingw-w64-crt/crt)
  0x148e: crtexe.c:251 (/mxe/tmp-gcc-x86_64-w64-mingw32.static/gcc-11.3.0.build_/mingw-w64-v10.0.0/mingw-w64-crt/crt)
  0x1494: crtexe.c:252 (/mxe/tmp-gcc-x86_64-w64-mingw32.static/gcc-11.3.0.build_/mingw-w64-v10.0.0/mingw-w64-crt/crt)
  0x149e: crtexe.c:324 (/mxe/tmp-gcc-x86_64-w64-mingw32.static/gcc-11.3.0.build_/mingw-w64-v10.0.0/mingw-w64-crt/crt)

  > 0x11b4: NtCurrentTeb (0x10)
    0x11b4: winnt.h:9094 (/mxe/usr/x86_64-w64-mingw32.static/include)

    > 0x11b4: __readgsqword (0x10)
      0x11b4: intrin-impl.h:838 (/mxe/usr/x86_64-w64-mingw32.static/include/psdk_inc)
      0x11bd: intrin-impl.h:838 (/mxe/usr/x86_64-w64-mingw32.static/include/psdk_inc)

  > 0x11c8: _InterlockedCompareExchangePointer (0x2)
    0x11c8: intrin-impl.h:1737 (/mxe/usr/x86_64-w64-mingw32.static/include/psdk_inc)

  > 0x11e9: _InterlockedCompareExchangePointer (0x8)
    0x11e9: intrin-impl.h:1737 (/mxe/usr/x86_64-w64-mingw32.static/include/psdk_inc)

  > 0x1315: duplicate_ppstrings (0x71)
    0x1315: crtexe.c:403 (/mxe/tmp-gcc-x86_64-w64-mingw32.static/gcc-11.3.0.build_/mingw-w64-v10.0.0/mingw-w64-crt/crt)
    0x131c: crtexe.c:403 (/mxe/tmp-gcc-x86_64-w64-mingw32.static/gcc-11.3.0.build_/mingw-w64-v10.0.0/mingw-w64-crt/crt)
    0x1328: crtexe.c:405 (/mxe/tmp-gcc-x86_64-w64-mingw32.static/gcc-11.3.0.build_/mingw-w64-v10.0.0/mingw-w64-crt/crt)
    0x132f: crtexe.c:403 (/mxe/tmp-gcc-x86_64-w64-mingw32.static/gcc-11.3.0.build_/mingw-w64-v10.0.0/mingw-w64-crt/crt)
    0x1332: crtexe.c:406 (/mxe/tmp-gcc-x86_64-w64-mingw32.static/gcc-11.3.0.build_/mingw-w64-v10.0.0/mingw-w64-crt/crt)
    0x1340: crtexe.c:408 (/mxe/tmp-gcc-x86_64-w64-mingw32.static/gcc-11.3.0.build_/mingw-w64-v10.0.0/mingw-w64-crt/crt)
    0x134a: crtexe.c:408 (/mxe/tmp-gcc-x86_64-w64-mingw32.static/gcc-11.3.0.build_/mingw-w64-v10.0.0/mingw-w64-crt/crt)
    0x134e: crtexe.c:409 (/mxe/tmp-gcc-x86_64-w64-mingw32.static/gcc-11.3.0.build_/mingw-w64-v10.0.0/mingw-w64-crt/crt)
    0x1356: crtexe.c:410 (/mxe/tmp-gcc-x86_64-w64-mingw32.static/gcc-11.3.0.build_/mingw-w64-v10.0.0/mingw-w64-crt/crt)
    0x1359: crtexe.c:409 (/mxe/tmp-gcc-x86_64-w64-mingw32.static/gcc-11.3.0.build_/mingw-w64-v10.0.0/mingw-w64-crt/crt)
    0x135d: crtexe.c:410 (/mxe/tmp-gcc-x86_64-w64-mingw32.static/gcc-11.3.0.build_/mingw-w64-v10.0.0/mingw-w64-crt/crt)
    0x1362: crtexe.c:409 (/mxe/tmp-gcc-x86_64-w64-mingw32.static/gcc-11.3.0.build_/mingw-w64-v10.0.0/mingw-w64-crt/crt)
    0x1365: crtexe.c:406 (/mxe/tmp-gcc-x86_64-w64-mingw32.static/gcc-11.3.0.build_/mingw-w64-v10.0.0/mingw-w64-crt/crt)
    0x1369: crtexe.c:410 (/mxe/tmp-gcc-x86_64-w64-mingw32.static/gcc-11.3.0.build_/mingw-w64-v10.0.0/mingw-w64-crt/crt)
    0x136e: crtexe.c:406 (/mxe/tmp-gcc-x86_64-w64-mingw32.static/gcc-11.3.0.build_/mingw-w64-v10.0.0/mingw-w64-crt/crt)
    0x1373: crtexe.c:412 (/mxe/tmp-gcc-x86_64-w64-mingw32.static/gcc-11.3.0.build_/mingw-w64-v10.0.0/mingw-w64-crt/crt)
    0x1378: crtexe.c:412 (/mxe/tmp-gcc-x86_64-w64-mingw32.static/gcc-11.3.0.build_/mingw-w64-v10.0.0/mingw-w64-crt/crt)
    0x137f: crtexe.c:413 (/mxe/tmp-gcc-x86_64-w64-mingw32.static/gcc-11.3.0.build_/mingw-w64-v10.0.0/mingw-w64-crt/crt)

  > 0x1445: _InterlockedExchangePointer (0xb)
    0x1445: intrin-impl.h:1748 (/mxe/usr/x86_64-w64-mingw32.static/include/psdk_inc)

> 0x14d0: mainCRTStartup (0x1d)
  0x14d0: crtexe.c:196 (/mxe/tmp-gcc-x86_64-w64-mingw32.static/gcc-11.3.0.build_/mingw-w64-v10.0.0/mingw-w64-crt/crt)
  0x14d4: crtexe.c:201 (/mxe/tmp-gcc-x86_64-w64-mingw32.static/gcc-11.3.0.build_/mingw-w64-v10.0.0/mingw-w64-crt/crt)
  0x14e1: crtexe.c:202 (/mxe/tmp-gcc-x86_64-w64-mingw32.static/gcc-11.3.0.build_/mingw-w64-v10.0.0/mingw-w64-crt/crt)
  0x14e6: crtexe.c:204 (/mxe/tmp-gcc-x86_64-w64-mingw32.static/gcc-11.3.0.build_/mingw-w64-v10.0.0/mingw-w64-crt/crt)
  0x14e8: crtexe.c:213 (/mxe/tmp-gcc-x86_64-w64-mingw32.static/gcc-11.3.0.build_/mingw-w64-v10.0.0/mingw-w64-crt/crt)

> 0x14b0: WinMainCRTStartup (0x1d)
  0x14b0: crtexe.c:170 (/mxe/tmp-gcc-x86_64-w64-mingw32.static/gcc-11.3.0.build_/mingw-w64-v10.0.0/mingw-w64-crt/crt)
  0x14b4: crtexe.c:175 (/mxe/tmp-gcc-x86_64-w64-mingw32.static/gcc-11.3.0.build_/mingw-w64-v10.0.0/mingw-w64-crt/crt)
  0x14c1: crtexe.c:176 (/mxe/tmp-gcc-x86_64-w64-mingw32.static/gcc-11.3.0.build_/mingw-w64-v10.0.0/mingw-w64-crt/crt)
  0x14c6: crtexe.c:178 (/mxe/tmp-gcc-x86_64-w64-mingw32.static/gcc-11.3.0.build_/mingw-w64-v10.0.0/mingw-w64-crt/crt)
  0x14c8: crtexe.c:187 (/mxe/tmp-gcc-x86_64-w64-mingw32.static/gcc-11.3.0.build_/mingw-w64-v10.0.0/mingw-w64-crt/crt)

> 0x1130: pre_cpp_init (0x49)
  0x1130: crtexe.c:155 (/mxe/tmp-gcc-x86_64-w64-mingw32.static/gcc-11.3.0.build_/mingw-w64-v10.0.0/mingw-w64-crt/crt)
  0x1134: crtexe.c:156 (/mxe/tmp-gcc-x86_64-w64-mingw32.static/gcc-11.3.0.build_/mingw-w64-v10.0.0/mingw-w64-crt/crt)
  0x113b: crtexe.c:161 (/mxe/tmp-gcc-x86_64-w64-mingw32.static/gcc-11.3.0.build_/mingw-w64-v10.0.0/mingw-w64-crt/crt)
  0x1150: crtexe.c:156 (/mxe/tmp-gcc-x86_64-w64-mingw32.static/gcc-11.3.0.build_/mingw-w64-v10.0.0/mingw-w64-crt/crt)
  0x1158: crtexe.c:161 (/mxe/tmp-gcc-x86_64-w64-mingw32.static/gcc-11.3.0.build_/mingw-w64-v10.0.0/mingw-w64-crt/crt)
  0x1174: crtexe.c:163 (/mxe/tmp-gcc-x86_64-w64-mingw32.static/gcc-11.3.0.build_/mingw-w64-v10.0.0/mingw-w64-crt/crt)

> 0x1010: pre_c_init (0x11e)
  0x1010: crtexe.c:127 (/mxe/tmp-gcc-x86_64-w64-mingw32.static/gcc-11.3.0.build_/mingw-w64-v10.0.0/mingw-w64-crt/crt)
  0x1014: crtexe.c:128 (/mxe/tmp-gcc-x86_64-w64-mingw32.static/gcc-11.3.0.build_/mingw-w64-v10.0.0/mingw-w64-crt/crt)
  0x105a: crtexe.c:129 (/mxe/tmp-gcc-x86_64-w64-mingw32.static/gcc-11.3.0.build_/mingw-w64-v10.0.0/mingw-w64-crt/crt)
  0x1061: crtexe.c:128 (/mxe/tmp-gcc-x86_64-w64-mingw32.static/gcc-11.3.0.build_/mingw-w64-v10.0.0/mingw-w64-crt/crt)
  0x1067: crtexe.c:129 (/mxe/tmp-gcc-x86_64-w64-mingw32.static/gcc-11.3.0.build_/mingw-w64-v10.0.0/mingw-w64-crt/crt)
  0x106d: crtexe.c:130 (/mxe/tmp-gcc-x86_64-w64-mingw32.static/gcc-11.3.0.build_/mingw-w64-v10.0.0/mingw-w64-crt/crt)
  0x1077: crtexe.c:134 (/mxe/tmp-gcc-x86_64-w64-mingw32.static/gcc-11.3.0.build_/mingw-w64-v10.0.0/mingw-w64-crt/crt)
  0x107c: crtexe.c:134 (/mxe/tmp-gcc-x86_64-w64-mingw32.static/gcc-11.3.0.build_/mingw-w64-v10.0.0/mingw-w64-crt/crt)
  0x1087: crtexe.c:135 (/mxe/tmp-gcc-x86_64-w64-mingw32.static/gcc-11.3.0.build_/mingw-w64-v10.0.0/mingw-w64-crt/crt)
  0x108c: crtexe.c:135 (/mxe/tmp-gcc-x86_64-w64-mingw32.static/gcc-11.3.0.build_/mingw-w64-v10.0.0/mingw-w64-crt/crt)
  0x1097: crtexe.c:140 (/mxe/tmp-gcc-x86_64-w64-mingw32.static/gcc-11.3.0.build_/mingw-w64-v10.0.0/mingw-w64-crt/crt)
  0x109c: crtexe.c:142 (/mxe/tmp-gcc-x86_64-w64-mingw32.static/gcc-11.3.0.build_/mingw-w64-v10.0.0/mingw-w64-crt/crt)
  0x10a3: crtexe.c:142 (/mxe/tmp-gcc-x86_64-w64-mingw32.static/gcc-11.3.0.build_/mingw-w64-v10.0.0/mingw-w64-crt/crt)
  0x10a8: crtexe.c:151 (/mxe/tmp-gcc-x86_64-w64-mingw32.static/gcc-11.3.0.build_/mingw-w64-v10.0.0/mingw-w64-crt/crt)
  0x10b0: crtexe.c:132 (/mxe/tmp-gcc-x86_64-w64-mingw32.static/gcc-11.3.0.build_/mingw-w64-v10.0.0/mingw-w64-crt/crt)
  0x10c0: crtexe.c:128 (/mxe/tmp-gcc-x86_64-w64-mingw32.static/gcc-11.3.0.build_/mingw-w64-v10.0.0/mingw-w64-crt/crt)
  0x10f8: crtexe.c:144 (/mxe/tmp-gcc-x86_64-w64-mingw32.static/gcc-11.3.0.build_/mingw-w64-v10.0.0/mingw-w64-crt/crt)
  0x1104: crtexe.c:151 (/mxe/tmp-gcc-x86_64-w64-mingw32.static/gcc-11.3.0.build_/mingw-w64-v10.0.0/mingw-w64-crt/crt)
  0x1110: crtexe.c:128 (/mxe/tmp-gcc-x86_64-w64-mingw32.static/gcc-11.3.0.build_/mingw-w64-v10.0.0/mingw-w64-crt/crt)

  > 0x1014: check_managed_app (0x46)
    0x1014: crtexe.c:345 (/mxe/tmp-gcc-x86_64-w64-mingw32.static/gcc-11.3.0.build_/mingw-w64-v10.0.0/mingw-w64-crt/crt)
    0x101b: crtexe.c:351 (/mxe/tmp-gcc-x86_64-w64-mingw32.static/gcc-11.3.0.build_/mingw-w64-v10.0.0/mingw-w64-crt/crt)
    0x101d: crtexe.c:345 (/mxe/tmp-gcc-x86_64-w64-mingw32.static/gcc-11.3.0.build_/mingw-w64-v10.0.0/mingw-w64-crt/crt)
    0x1023: crtexe.c:346 (/mxe/tmp-gcc-x86_64-w64-mingw32.static/gcc-11.3.0.build_/mingw-w64-v10.0.0/mingw-w64-crt/crt)
    0x1030: crtexe.c:347 (/mxe/tmp-gcc-x86_64-w64-mingw32.static/gcc-11.3.0.build_/mingw-w64-v10.0.0/mingw-w64-crt/crt)
    0x103d: crtexe.c:350 (/mxe/tmp-gcc-x86_64-w64-mingw32.static/gcc-11.3.0.build_/mingw-w64-v10.0.0/mingw-w64-crt/crt)
    0x1044: crtexe.c:350 (/mxe/tmp-gcc-x86_64-w64-mingw32.static/gcc-11.3.0.build_/mingw-w64-v10.0.0/mingw-w64-crt/crt)
    0x104b: crtexe.c:353 (/mxe/tmp-gcc-x86_64-w64-mingw32.static/gcc-11.3.0.build_/mingw-w64-v10.0.0/mingw-w64-crt/crt)
    0x104f: crtexe.c:353 (/mxe/tmp-gcc-x86_64-w64-mingw32.static/gcc-11.3.0.build_/mingw-w64-v10.0.0/mingw-w64-crt/crt)
    0x1052: crtexe.c:354 (/mxe/tmp-gcc-x86_64-w64-mingw32.static/gcc-11.3.0.build_/mingw-w64-v10.0.0/mingw-w64-crt/crt)

  > 0x10c0: check_managed_app (0x38)
    0x10c0: crtexe.c:358 (/mxe/tmp-gcc-x86_64-w64-mingw32.static/gcc-11.3.0.build_/mingw-w64-v10.0.0/mingw-w64-crt/crt)
    0x10c4: crtexe.c:358 (/mxe/tmp-gcc-x86_64-w64-mingw32.static/gcc-11.3.0.build_/mingw-w64-v10.0.0/mingw-w64-crt/crt)
    0x10d2: crtexe.c:366 (/mxe/tmp-gcc-x86_64-w64-mingw32.static/gcc-11.3.0.build_/mingw-w64-v10.0.0/mingw-w64-crt/crt)
    0x10df: crtexe.c:368 (/mxe/tmp-gcc-x86_64-w64-mingw32.static/gcc-11.3.0.build_/mingw-w64-v10.0.0/mingw-w64-crt/crt)

  > 0x1110: check_managed_app (0x1e)
    0x1110: crtexe.c:361 (/mxe/tmp-gcc-x86_64-w64-mingw32.static/gcc-11.3.0.build_/mingw-w64-v10.0.0/mingw-w64-crt/crt)
    0x111a: crtexe.c:363 (/mxe/tmp-gcc-x86_64-w64-mingw32.static/gcc-11.3.0.build_/mingw-w64-v10.0.0/mingw-w64-crt/crt)

> 0x1000: __mingw_invalidParameterHandler (0x1)
  0x1000: crtexe.c:123 (/mxe/tmp-gcc-x86_64-w64-mingw32.static/gcc-11.3.0.build_/mingw-w64-v10.0.0/mingw-w64-crt/crt)

> 0x1572: main (0x1f)
  0x1572: hello.c:3 (/src)
  0x1576: hello.c:3 (/src)
  0x157b: hello.c:4 (/src)
  0x1587: hello.c:5 (/src)

> 0x1530: printf (0x42)
  0x1530: stdio.h:369 (/mxe/usr/x86_64-w64-mingw32.static/include)
  0x1548: stdio.h:371 (/mxe/usr/x86_64-w64-mingw32.static/include)
  0x1552: stdio.h:372 (/mxe/usr/x86_64-w64-mingw32.static/include)
  0x1557: stdio.h:372 (/mxe/usr/x86_64-w64-mingw32.static/include)
  0x156b: stdio.h:375 (/mxe/usr/x86_64-w64-mingw32.static/include)
  0x1570: stdio.h:375 (/mxe/usr/x86_64-w64-mingw32.static/include)

> 0x1650: __main (0x1f)
  0x1650: gccmain.c:55 (/mxe/tmp-gcc-x86_64-w64-mingw32.static/gcc-11.3.0.build_/mingw-w64-v10.0.0/mingw-w64-crt/crt)
  0x165a: gccmain.c:60 (/mxe/tmp-gcc-x86_64-w64-mingw32.static/gcc-11.3.0.build_/mingw-w64-v10.0.0/mingw-w64-crt/crt)
  0x1660: gccmain.c:57 (/mxe/tmp-gcc-x86_64-w64-mingw32.static/gcc-11.3.0.build_/mingw-w64-v10.0.0/mingw-w64-crt/crt)
  0x166a: gccmain.c:58 (/mxe/tmp-gcc-x86_64-w64-mingw32.static/gcc-11.3.0.build_/mingw-w64-v10.0.0/mingw-w64-crt/crt)
