---
source: symbolic-debuginfo/tests/test_objects.rs
expression: "FilesDebug(&files[..10])"
---
/mxe/tmp-gcc-x86_64-w64-mingw32.static/gcc-11.3.0.build_/mingw-w64-v10.0.0/mingw-w64-crt/crt/crtexe.c
/mxe/tmp-gcc-x86_64-w64-mingw32.static/gcc-11.3.0.build_/mingw-w64-v10.0.0/mingw-w64-crt/crt/crtexe.c
/mxe/usr/x86_64-w64-mingw32.static/include/winnt.h
/mxe/usr/x86_64-w64-mingw32.static/include/psdk_inc/intrin-impl.h
/mxe/usr/x86_64-w64-mingw32.static/include/corecrt.h
/mxe/usr/x86_64-w64-mingw32.static/include/minwindef.h
/mxe/usr/x86_64-w64-mingw32.static/include/basetsd.h
/mxe/usr/x86_64-w64-mingw32.static/include/stdlib.h
/mxe/usr/x86_64-w64-mingw32.static/include/errhandlingapi.h
/mxe/usr/x86_64-w64-mingw32.static/include/processthreadsapi.h
