---
source: symbolic-debuginfo/tests/test_objects.rs
expression: SymbolsDebug(&symbols)
---
             690 __vdso_gettimeofday
             9e0 __vdso_time
             a10 clock_gettime
             e30 clock_getres
             e90 __vdso_getcpu
             ec0 __vdso_sgx_enter_enclave
