---
created: "2019-02-27T12:13:30.345704Z"
creator: insta@0.6.3
source: symcache/tests/test_cache.rs
expression: "&line_infos"
---
[
    LineInfo {
        arch: Amd64,
        debug_id: DebugId {
            uuid: "67e9247c-814e-392b-a027-dbde6748fcbf",
            appendix: 0
        },
        sym_addr: 56341,
        line_addr: 56341,
        instr_addr: 56341,
        line: 21,
        lang: Cpp,
        symbol: Some(
            "_ZN12_GLOBAL__N_15crashEv"
        ),
        filename: "main.cpp",
        base_dir: "../macos",
        comp_dir: "/Users/travis/build/getsentry/breakpad-tools/macos"
    },
    LineInfo {
        arch: Amd64,
        debug_id: DebugId {
            uuid: "67e9247c-814e-392b-a027-dbde6748fcbf",
            appendix: 0
        },
        sym_addr: 56341,
        line_addr: 56341,
        instr_addr: 56341,
        line: 25,
        lang: Cpp,
        symbol: Some(
            "_ZN12_GLOBAL__N_15startEv"
        ),
        filename: "main.cpp",
        base_dir: "../macos",
        comp_dir: "/Users/travis/build/getsentry/breakpad-tools/macos"
    },
    LineInfo {
        arch: Amd64,
        debug_id: DebugId {
            uuid: "67e9247c-814e-392b-a027-dbde6748fcbf",
            appendix: 0
        },
        sym_addr: 56224,
        line_addr: 56341,
        instr_addr: 56341,
        line: 32,
        lang: Cpp,
        symbol: Some(
            "main"
        ),
        filename: "main.cpp",
        base_dir: "../macos",
        comp_dir: "/Users/travis/build/getsentry/breakpad-tools/macos"
    }
]
